[26588:14] 2025-11-26 09:41:58.054 [0x603C(3) InitializeLog] [SET_LOGPATH] %programdata%\Geni\Insights\logs\cmon.cmd.exe.log
[26588:14] 2025-11-26 09:41:58.054 [0x603C(0) CxCommonApi::LogModuleInfo] [MODULE LOADING] ModuleName cmon64.dll, Version [2.0.0.1], ModulePath C:\Program Files\Geni\Insights\temp\cmon64.dll ModifiedTime 2023-12-13 13:06:32
[26588:14] 2025-11-26 09:41:58.054 [0x603C(183) CxConsoleMonitor::Initialize] [Initialize]
[26588:14] 2025-11-26 09:41:58.054 [0x603C(183) CxSensorPipeClient::Initialize] [Initialize]
[26588:14] 2025-11-26 09:41:58.054 [0x603C(0) CxThreadPool::Initialize] Queue init : OutputQue 0, nThreadPoolSize : 1
[26588:14] 2025-11-26 09:41:58.054 [0x603C(183) CxThreadPool::CreateThreadPool] Create 1 WorkerThread
[26588:14] 2025-11-26 09:41:58.054 [0x603C(183) CxConsoleMonitor::InstallHook] [InstallHook]
[26588:14] 2025-11-26 09:41:58.054 [0x603C(126) CxConsoleMonitor::xGetProcAddress] [GET_PROC_ADDR] ReadConsoleW from kernelbase.dll
[26588:14] 2025-11-26 09:41:58.054 [0x603C(183) CxConsoleMonitor::InstallHook] [INSTALL_HOOK] ReadConsoleW : cmd.exe:26588
[26588:14] 2025-11-26 09:41:58.054 [0x603C(183) CxConsoleMonitor::xGetProcAddress] [GET_PROC_ADDR] ReadConsoleInputW from kernelbase.dll
[26588:14] 2025-11-26 09:41:58.054 [0x603C(183) CxConsoleMonitor::InstallHook] [INSTALL_HOOK] RealReadConsoleInputW : cmd.exe:26588
[26588:14] 2025-11-26 09:41:58.054 [0x603C(183) CxConsoleMonitor::InstallHook] [SUCCESS]
[26588:14] 2025-11-26 09:41:58.054 [0x603C(183) CxConsoleMonitor::GetCmonProfileInfo] [REQ_CMON_PROFILE] 
[26588:14] 2025-11-26 09:41:58.054 [0x603C(0) CxConsoleMonitor::Initialize] [/Initialize] SUCCESS
[26588:14] 2025-11-26 09:41:58.054 [0xDD0(0) CxThreadPool::ThreadEntry] Worker Thread begins
[26588:14] 2025-11-26 09:41:58.068 [0xDD0(1) CxSensorPipeClient::SendJson] [SEND][ReqType:4] {
   "PID" : 26588,
   "ProcPath" : "C:\\Windows\\system32\\cmd.exe",
   "ReqType" : "xSensorRequestType_GetCmonProfile"
}

[26588:14] 2025-11-26 09:41:58.068 [0xDD0(183) CxSensorPipeClient::SendJson] [RECV] {
   "MaxConsoleInputLength" : 200
}

[26588:14] 2025-11-26 09:41:58.068 [0xDD0(183) CxConsoleMonitor::PipeResponseCallback] [RES_CALLBACK]
[26588:14] 2025-11-26 09:41:58.068 [0xDD0(183) CxConsoleMonitor::PipeResponseCallback] [CMON_PROFILE] MaxConsoleInputLength : 200
[26588:14] 2025-11-26 09:41:58.137 [0x603C(126) CxConsoleMonitor::Uninitialize] [Uninitialize]
[26588:14] 2025-11-26 09:41:58.137 [0x603C(183) CxSensorPipeClient::Uninitialize] [Uninitialize]
[26588:14] 2025-11-26 09:41:58.137 [0x603C(183) CxSensorPipeClient::Uninitialize] [/Uninitialize]
[26588:14] 2025-11-26 09:41:58.137 [0x603C(183) CxConsoleMonitor::Uninitialize] [/Uninitialize] SUCCESS
